<html>
<body>
<pre>
<h1>礦ision Build Log</h1>
<h2>Tool Versions:</h2>
IDE-Version: μVision V5.31.0.0
Copyright (C) 2020 ARM Ltd and ARM Germany GmbH. All rights reserved.
License Information: aa aa, aa, LIC=PE7DL-023T2-BSLYX-HAD05-AMN38-E39FH
 
Tool Versions:
Toolchain:       MDK-ARM Plus  Version: 5.31.0.0
Toolchain Path:  D:\mdk\ARM\ARMCC\Bin
C Compiler:      Armcc.exe V5.06 update 6 (build 750)
Assembler:       Armasm.exe V5.06 update 6 (build 750)
Linker/Locator:  ArmLink.exe V5.06 update 6 (build 750)
Library Manager: ArmAr.exe V5.06 update 6 (build 750)
Hex Converter:   FromElf.exe V5.06 update 6 (build 750)
CPU DLL:         SARMCM3.DLL V5.31.0.0
Dialog DLL:      DCM.DLL V1.17.3.0
Target DLL:      Segger\JL2CM3.dll V2.99.38.0
Dialog DLL:      TCM.DLL V1.46.0.0
 
<h2>Project:</h2>
E:\stm32l\Heart\MDK-ARM\Heart.uvprojx
Project File Date:  03/20/2021

<h2>Output:</h2>
*** Using Compiler 'V5.06 update 6 (build 750)', folder: 'D:\mdk\ARM\ARMCC\Bin'
Build target 'Heart'
compiling main.c...
..\head\MAX30102.h(29): warning:  #1295-D: Deprecated declaration maxim_max30102_reset - give arg types
  int maxim_max30102_reset();
..\head\MAX30102.h(30): warning:  #1-D: last line of file ends without a newline
  #endif
..\head\font.h(449): warning:  #1-D: last line of file ends without a newline
  #endif
..\head\oled.h(16): warning:  #1295-D: Deprecated declaration OLED_Init - give arg types
  void OLED_Init();
..\head\oled.h(28): warning:  #1-D: last line of file ends without a newline
  #endif
../Core/Src/main.c(353): warning:  #223-D: function "OLED_DrawPoint" declared implicitly
  			OLED_DrawPoint(++pot_i,25-cha/6);}      //波形显示过大可把12调大，波形过小可调小12
../Core/Src/main.c(377): warning:  #223-D: function "maxim_max30102_write_reg" declared implicitly
  		maxim_max30102_write_reg(0x21,0x01);
../Core/Src/main.c(334): warning:  #177-D: variable "led_last"  was declared but never referenced
  	int led_last=0;
../Core/Src/main.c(336): warning:  #177-D: variable "reg_num1"  was declared but never referenced
  	int reg_num1=0;
../Core/Src/main.c(337): warning:  #177-D: variable "reg_num2"  was declared but never referenced
  	int reg_num2=0;
../Core/Src/main.c(399): warning:  #177-D: variable "num"  was declared but never referenced
  	int num=1;
../Core/Src/main.c: 11 warnings, 0 errors
linking...
Program Size: Code=19732 RO-data=3208 RW-data=192 ZI-data=7872  
FromELF: creating hex file...
"Heart\Heart.axf" - 0 Error(s), 11 Warning(s).

<h2>Software Packages used:</h2>

Package Vendor: ARM
                http://www.keil.com/pack/ARM.CMSIS.5.7.0.pack
                ARM.CMSIS.5.7.0
                CMSIS (Cortex Microcontroller Software Interface Standard)
   * Component: CORE Version: 5.4.0

Package Vendor: Keil
                http://www.keil.com/pack/Keil.STM32L1xx_DFP.1.2.0.pack
                Keil.STM32L1xx_DFP.1.2.0
                STMicroelectronics STM32L1 Series Device Support and Examples

<h2>Collection of Component include folders:</h2>
  .\RTE\_Heart
  D:\mdk\ARM\PACK\ARM\CMSIS\5.7.0\CMSIS\Core\Include
  D:\mdk\ARM\PACK\Keil\STM32L1xx_DFP\1.2.0\Device\Include

<h2>Collection of Component Files used:</h2>

   * Component: ARM::CMSIS:CORE:5.4.0
Build Time Elapsed:  00:00:04
</pre>
</body>
</html>
